
> alumni-connect-frontend@0.1.0 test
> react-scripts test --watchAll=false src/pages/Home/Notification.test.js

node.exe : FAIL src/pag
es/Home/Notification.te
st.js
At line:1 char:1
+ & 
"D:\Vikaas/node.exe" "D
:\Vikaas/node_modules/n
pm/bin/npm-cli.js" te 
...
+ ~~~~~~~~~~~~~~~~~~~~~
~~~~~~~~~~~~~~~~~~~~~~~
~~~~~~~~~~~~~~~~~~~~~~~
~~
    + CategoryInfo     
         : 
NotSpecified: (FAI    
L src/pages/Home/Notif 
   
ication.test.js:String 
   ) [], 
RemoteException
    + 
FullyQualifiedErrorI   
 d : NativeCommandError
 
  ΓùÅ Test suite 
failed to run

    Cannot find module 
'react-router-dom' 
from 'src/pages/Home/No
tification.test.js'

    [0m [90m  6 
|[39m 
[36mimport[39m 
[33mReact[39m 
[36mfrom[39m [32m're
act'[39m[33m;[39m
     [90m  7 |[39m 
[36mimport[39m { 
render[33m,[39m 
screen[33m,[39m 
fireEvent[33m,[39m 
waitFor } 
[36mfrom[39m [32m'@t
esting-library/react'[
39m[33m;[39m
    [31m[1m>[22m[39
m[90m  8 |[39m 
[36mimport[39m { [33
mBrowserRouter[39m } 
[36mfrom[39m [32m're
act-router-dom'[39m[3
3m;[39m
     [90m    |[39m 
[31m[1m^[22m[39m
     [90m  9 |[39m 
[36mimport[39m 
[33mNotification[39m 
[36mfrom[39m [32m'./
Notification'[39m[33m
;[39m
     [90m 10 |[39m 
[36mimport[39m {
     [90m 11 |[39m   
[33mNotificationHeader
[39m[33m,[39m[0m

      at 
Resolver.resolveModule 
(node_modules/jest-reso
lve/build/resolver.js:3
24:11)
      at 
Object.<anonymous> (src
/pages/Home/Notificatio
n.test.js:8:1)
      at TestScheduler.
scheduleTests (node_mod
ules/@jest/core/build/T
estScheduler.js:333:13)
      at runJest (node_
modules/@jest/core/buil
d/runJest.js:404:19)
      at _run10000 (nod
e_modules/@jest/core/bu
ild/cli/index.js:320:7)
      at runCLI (node_m
odules/@jest/core/build
/cli/index.js:173:3)

Test Suites: 1 failed, 
1 total
Tests:       0 total
Snapshots:   0 total
Time:        1.484 s
Ran all test suites 
matching /src\\pages\\H
ome\\Notification.test.
js/i.
(node:16416) [DEP0040] 
DeprecationWarning: 
The `punycode` module 
is deprecated. Please 
use a userland 
alternative instead.
(Use `node 
--trace-deprecation 
...` to show where the 
warning was created)
